==============================================================================
Tests & Tests                                                                 
==============================================================================
Tests & Tests.Tests                                                           
==============================================================================
Tests & Tests.Tests.Functional                                                
==============================================================================
Tests & Tests.Tests.Functional.Stats                                          
==============================================================================
Validate total time equals sum of games                               | FAIL |
Inline IF branches cannot contain assignments.
------------------------------------------------------------------------------
Tests & Tests.Tests.Functional.Stats                                  | FAIL |
1 test, 0 passed, 1 failed
==============================================================================
Tests & Tests.Tests.Functional                                        | FAIL |
1 test, 0 passed, 1 failed
==============================================================================
Tests & Tests.Tests                                                   | FAIL |
1 test, 0 passed, 1 failed
==============================================================================
Tests & Tests.Tests                                                           
==============================================================================
Tests & Tests.Tests.Functional                                                
==============================================================================
Tests & Tests.Tests.Functional.Stats                                          
==============================================================================
Validate total time equals sum of games                               | FAIL |
Inline IF branches cannot contain assignments.
------------------------------------------------------------------------------
Tests & Tests.Tests.Functional.Stats                                  | FAIL |
1 test, 0 passed, 1 failed
==============================================================================
Tests & Tests.Tests.Functional                                        | FAIL |
1 test, 0 passed, 1 failed
==============================================================================
Tests & Tests.Tests                                                   | FAIL |
1 test, 0 passed, 1 failed
==============================================================================
Tests & Tests                                                         | FAIL |
2 tests, 0 passed, 2 failed
==============================================================================
Output:  C:\Users\danie\OneDrive\┴rea de Trabalho\GamesRobot\results\output.xml
Log:     C:\Users\danie\OneDrive\┴rea de Trabalho\GamesRobot\results\log.html
Report:  C:\Users\danie\OneDrive\┴rea de Trabalho\GamesRobot\results\report.html
